<html>
<body>
<pre>
<h1>µVision Build Log</h1>
<h2>Tool Versions:</h2>
IDE-Version: ¦ÌVision V5.24.2.0
Copyright (C) 2017 ARM Ltd and ARM Germany GmbH. All rights reserved.
License Information: byebye568 8615170165976, byebye568, LIC=14HV2-9QP96-01SP1-CVPT7-GS94E-4VYHZ
 
Tool Versions:
Toolchain:       MDK-ARM Plus  Version: 5.24.1
Toolchain Path:  D:\software\Keil_5\ARM\ARMCC\Bin
C Compiler:      Armcc.exe V5.06 update 5 (build 528)
Assembler:       Armasm.exe V5.06 update 5 (build 528)
Linker/Locator:  ArmLink.exe V5.06 update 5 (build 528)
Library Manager: ArmAr.exe V5.06 update 5 (build 528)
Hex Converter:   FromElf.exe V5.06 update 5 (build 528)
CPU DLL:         SARMCM3.DLL V5.24.1
Dialog DLL:      DCM.DLL V1.16.0.0
Target DLL:      STLink\ST-LINKIII-KEIL_SWO.dll V3.0.1.0
Dialog DLL:      TCM.DLL V1.32.0.0
 
<h2>Project:</h2>
D:\BaiduNetdiskDownload\STM32\STM32Project-ÓÐ×¢ÊÍ°æ\ChromeGame_Moyiji\Project.uvprojx
Project File Date:  06/03/2024

<h2>Output:</h2>
*** Using Compiler 'V5.06 update 5 (build 528)', folder: 'D:\software\Keil_5\ARM\ARMCC\Bin'
Build target 'Target 1'
assembling startup_stm32f10x_md.s...
compiling stm32f10x_adc.c...
compiling misc.c...
compiling core_cm3.c...
compiling stm32f10x_bkp.c...
compiling stm32f10x_dac.c...
compiling stm32f10x_dbgmcu.c...
compiling stm32f10x_can.c...
compiling system_stm32f10x.c...
compiling stm32f10x_crc.c...
compiling stm32f10x_exti.c...
compiling stm32f10x_cec.c...
compiling stm32f10x_flash.c...
compiling stm32f10x_dma.c...
compiling stm32f10x_gpio.c...
compiling stm32f10x_fsmc.c...
compiling stm32f10x_i2c.c...
compiling stm32f10x_iwdg.c...
compiling stm32f10x_pwr.c...
compiling stm32f10x_rcc.c...
compiling stm32f10x_rtc.c...
compiling stm32f10x_spi.c...
compiling Delay.c...
compiling stm32f10x_sdio.c...
compiling key.c...
Hardware\key.c(39): warning:  #1-D: last line of file ends without a newline
  }
Hardware\key.c: 1 warning, 0 errors
compiling Timer.c...
compiling OLED_Data.c...
compiling stm32f10x_wwdg.c...
compiling stm32f10x_it.c...
compiling stm32f10x_usart.c...
compiling stm32f10x_tim.c...
compiling main.c...
.\System\Timer.h(7): warning:  #1-D: last line of file ends without a newline
  #endif
.\Hardware\OLED.h(73): warning:  #1-D: last line of file ends without a newline
  void OLED_ShowCrowFly(uint8_t X, uint8_t Y, uint8_t Width, uint8_t Height, const uint8_t *Image);
.\Hardware\Key.h(7): warning:  #1-D: last line of file ends without a newline
  #endif
User\main.c(34): warning:  #68-D: integer conversion resulted in a change of sign
  int8_t cactus_pos = 128;
User\main.c(35): warning:  #68-D: integer conversion resulted in a change of sign
  int8_t cloud_pos = 128;
User\main.c(39): warning:  #68-D: integer conversion resulted in a change of sign
  int8_t high_crow_pos = 128;
User\main.c(126): warning:  #68-D: integer conversion resulted in a change of sign
  	if(cloud_pos <= 0)cloud_pos = 128;	
User\main.c(127): warning:  #167-D: argument of type "const int8_t *" is incompatible with parameter of type "const uint8_t *"
  	OLED_ShowCloud(cloud_pos, 8, 26, 8, CloudImg);
User\main.c: 8 warnings, 0 errors
compiling OLED.c...
Hardware\OLED.h(73): warning:  #1-D: last line of file ends without a newline
  void OLED_ShowCrowFly(uint8_t X, uint8_t Y, uint8_t Width, uint8_t Height, const uint8_t *Image);
Hardware\OLED.c(424): warning:  #167-D: argument of type "int8_t *" is incompatible with parameter of type "uint8_t *"
  		OLED_WriteData(OLED_DisplayBuf[j], 128);
Hardware\OLED.c(459): warning:  #167-D: argument of type "int8_t *" is incompatible with parameter of type "uint8_t *"
  		OLED_WriteData(&OLED_DisplayBuf[j][X], Width);
Hardware\OLED.c(1445): warning:  #69-D: integer conversion resulted in truncation
  	uint8_t ground_length = sizeof(GroundImg);
Hardware\OLED.c(1445): warning:  #177-D: variable "ground_length"  was declared but never referenced
  	uint8_t ground_length = sizeof(GroundImg);
Hardware\OLED.c: 5 warnings, 0 errors
linking...
Program Size: Code=9542 RO-data=5610 RW-data=112 ZI-data=2888  
".\Objects\Project.axf" - 0 Error(s), 14 Warning(s).

<h2>Software Packages used:</h2>

Package Vendor: Keil
                http://www.keil.com/pack/Keil.STM32F1xx_DFP.2.2.0.pack
                Keil.STM32F1xx_DFP.2.2.0
                STMicroelectronics STM32F1 Series Device Support, Drivers and Examples

<h2>Collection of Component include folders:</h2>
  .\RTE\_Target_1
  D:\software\Keil_5\ARM\PACK\Keil\STM32F1xx_DFP\2.2.0\Device\Include

<h2>Collection of Component Files used:</h2>
Build Time Elapsed:  00:00:02
</pre>
</body>
</html>
