<html>
<body>
<pre>
<h1>µVision Build Log</h1>
<h2>Tool Versions:</h2>
IDE-Version: ¶ÃVision V5.24.2.0
Copyright (C) 2017 ARM Ltd and ARM Germany GmbH. All rights reserved.
License Information: byebye568 8615170165976, byebye568, LIC=14HV2-9QP96-01SP1-CVPT7-GS94E-4VYHZ
 
Tool Versions:
Toolchain:       MDK-ARM Plus  Version: 5.24.1
Toolchain Path:  D:\software\Keil_5\ARM\ARMCC\Bin
C Compiler:      Armcc.exe V5.06 update 5 (build 528)
Assembler:       Armasm.exe V5.06 update 5 (build 528)
Linker/Locator:  ArmLink.exe V5.06 update 5 (build 528)
Library Manager: ArmAr.exe V5.06 update 5 (build 528)
Hex Converter:   FromElf.exe V5.06 update 5 (build 528)
CPU DLL:         SARMCM3.DLL V5.24.1
Dialog DLL:      DCM.DLL V1.16.0.0
Target DLL:      STLink\ST-LINKIII-KEIL_SWO.dll V3.0.1.0
Dialog DLL:      TCM.DLL V1.32.0.0
 
<h2>Project:</h2>
D:\BaiduNetdiskDownload\STM32\STM32Project-”–◊¢ Õ∞Ê\Œ¬ ™∂»ƒ£øÈ+¥Æø⁄\Project.uvprojx
Project File Date:  05/01/2024

<h2>Output:</h2>
*** Using Compiler 'V5.06 update 5 (build 528)', folder: 'D:\software\Keil_5\ARM\ARMCC\Bin'
Rebuild target 'Target 1'
assembling startup_stm32f10x_md.s...
compiling stm32f10x_bkp.c...
compiling stm32f10x_dma.c...
compiling stm32f10x_dbgmcu.c...
compiling stm32f10x_cec.c...
compiling stm32f10x_can.c...
compiling stm32f10x_exti.c...
compiling misc.c...
compiling stm32f10x_dac.c...
compiling core_cm3.c...
compiling stm32f10x_fsmc.c...
compiling stm32f10x_crc.c...
compiling system_stm32f10x.c...
compiling stm32f10x_gpio.c...
compiling stm32f10x_adc.c...
compiling stm32f10x_i2c.c...
compiling stm32f10x_iwdg.c...
compiling stm32f10x_flash.c...
compiling stm32f10x_pwr.c...
compiling stm32f10x_rtc.c...
compiling stm32f10x_sdio.c...
compiling stm32f10x_spi.c...
compiling stm32f10x_rcc.c...
compiling stm32f10x_wwdg.c...
compiling Delay.c...
compiling stm32f10x_usart.c...
compiling OLED.c...
compiling serial.c...
Hardware\serial.h(3): warning:  #1295-D: Deprecated declaration Serial_Init - give arg types
  void Serial_Init();
Hardware\serial.c(41): warning:  #69-D: integer conversion resulted in truncation
      NVIC_InitTypeStructure.NVIC_IRQChannelPreemptionPriority=
VIC_PriorityGroup_0;
Hardware\serial.c(42): warning:  #69-D: integer conversion resulted in truncation
      NVIC_InitTypeStructure.NVIC_IRQChannelSubPriority=
VIC_PriorityGroup_0;
Hardware\serial.c(72): warning:  #1-D: last line of file ends without a newline
  }
Hardware\serial.c(54): warning:  #177-D: function "Receive_Byte"  was declared but never referenced
  static void Receive_Byte(uint8_t byte)
Hardware\serial.c: 5 warnings, 0 errors
compiling DHT11.c...
Hardware\DHT11.h(4): warning:  #1295-D: Deprecated declaration DHT11_Init - give arg types
  uint32_t DHT11_Init();
Hardware\DHT11.c(72): warning:  #111-D: statement is unreachable
  		retry=0;
Hardware\DHT11.c(152): warning:  #177-D: variable "retry"  was declared but never referenced
  	uint8_t retry = 0;
Hardware\DHT11.c: 3 warnings, 0 errors
compiling stm32f10x_tim.c...
compiling ESP_01S.c...
Hardware\ESP_01S.h(11): warning:  #1295-D: Deprecated declaration ESP_01S_Init - give arg types
  void ESP_01S_Init();
Hardware\ESP_01S.h(13): warning:  #1295-D: Deprecated declaration TCP_Connect - give arg types
  void TCP_Connect();
Hardware\ESP_01S.h(14): warning:  #1295-D: Deprecated declaration TCP_CIP_SEND - give arg types
  void TCP_CIP_SEND();
Hardware\ESP_01S.h(18): warning:  #1-D: last line of file ends without a newline
  #endif
Hardware\ESP_01S.c(245): warning:  #1-D: last line of file ends without a newline
  //////////////////////////////////////////////////////////HTTTP
Hardware\ESP_01S.c(9): warning:  #177-D: variable "cur_pos"  was declared but never referenced
  static uint8_t cur_pos;//ÂΩìÂâç‰º†ËæìÂà∞Êï∞ÊçÆ‰ΩçÁΩ?
Hardware\ESP_01S.c: 6 warnings, 0 errors
compiling Key.c...
compiling main.c...
.\Hardware\DHT11.h(4): warning:  #1295-D: Deprecated declaration DHT11_Init - give arg types
  uint32_t DHT11_Init();
.\Hardware\ESP_01S.h(11): warning:  #1295-D: Deprecated declaration ESP_01S_Init - give arg types
  void ESP_01S_Init();
.\Hardware\ESP_01S.h(13): warning:  #1295-D: Deprecated declaration TCP_Connect - give arg types
  void TCP_Connect();
.\Hardware\ESP_01S.h(14): warning:  #1295-D: Deprecated declaration TCP_CIP_SEND - give arg types
  void TCP_CIP_SEND();
.\Hardware\ESP_01S.h(18): warning:  #1-D: last line of file ends without a newline
  #endif
.\Hardware\serial.h(3): warning:  #1295-D: Deprecated declaration Serial_Init - give arg types
  void Serial_Init();
User\main.c: 6 warnings, 0 errors
compiling stm32f10x_it.c...
linking...
Program Size: Code=4544 RO-data=1868 RW-data=36 ZI-data=1636  
".\Objects\Project.axf" - 0 Error(s), 20 Warning(s).

<h2>Software Packages used:</h2>

Package Vendor: Keil
                http://www.keil.com/pack/Keil.STM32F1xx_DFP.2.2.0.pack
                Keil.STM32F1xx_DFP.2.2.0
                STMicroelectronics STM32F1 Series Device Support, Drivers and Examples

<h2>Collection of Component include folders:</h2>
  .\RTE\_Target_1
  D:\software\Keil_5\ARM\PACK\Keil\STM32F1xx_DFP\2.2.0\Device\Include

<h2>Collection of Component Files used:</h2>
Build Time Elapsed:  00:00:04
</pre>
</body>
</html>
