<html>
<body>
<pre>
<h1>µVision Build Log</h1>
<h2>Tool Versions:</h2>
IDE-Version: ¶ÃVision V5.24.2.0
Copyright (C) 2017 ARM Ltd and ARM Germany GmbH. All rights reserved.
License Information: byebye568 8615170165976, byebye568, LIC=14HV2-9QP96-01SP1-CVPT7-GS94E-4VYHZ
 
Tool Versions:
Toolchain:       MDK-ARM Plus  Version: 5.24.1
Toolchain Path:  D:\software\Keil_5\ARM\ARMCC\Bin
C Compiler:      Armcc.exe V5.06 update 5 (build 528)
Assembler:       Armasm.exe V5.06 update 5 (build 528)
Linker/Locator:  ArmLink.exe V5.06 update 5 (build 528)
Library Manager: ArmAr.exe V5.06 update 5 (build 528)
Hex Converter:   FromElf.exe V5.06 update 5 (build 528)
CPU DLL:         SARMCM3.DLL V5.24.1
Dialog DLL:      DCM.DLL V1.16.0.0
Target DLL:      STLink\ST-LINKIII-KEIL_SWO.dll V3.0.1.0
Dialog DLL:      TCM.DLL V1.32.0.0
 
<h2>Project:</h2>
D:\BaiduNetdiskDownload\STM32\STM32Project-”–◊¢ Õ∞Ê\Œ¬ ™∂»ƒ£øÈ - ∏±±æ\Project.uvprojx
Project File Date:  05/05/2024

<h2>Output:</h2>
*** Using Compiler 'V5.06 update 5 (build 528)', folder: 'D:\software\Keil_5\ARM\ARMCC\Bin'
Rebuild target 'Target 1'
assembling startup_stm32f10x_md.s...
compiling misc.c...
compiling system_stm32f10x.c...
compiling stm32f10x_exti.c...
compiling stm32f10x_adc.c...
compiling stm32f10x_cec.c...
compiling stm32f10x_dac.c...
compiling stm32f10x_dma.c...
compiling stm32f10x_dbgmcu.c...
compiling stm32f10x_bkp.c...
compiling stm32f10x_crc.c...
compiling core_cm3.c...
compiling stm32f10x_fsmc.c...
compiling stm32f10x_flash.c...
compiling stm32f10x_can.c...
compiling stm32f10x_iwdg.c...
compiling stm32f10x_i2c.c...
compiling stm32f10x_gpio.c...
compiling stm32f10x_pwr.c...
compiling stm32f10x_rtc.c...
compiling stm32f10x_sdio.c...
compiling stm32f10x_rcc.c...
compiling stm32f10x_spi.c...
compiling Delay.c...
compiling stm32f10x_wwdg.c...
compiling stm32f10x_usart.c...
compiling OLED.c...
compiling main.c...
User\main.c(12): warning:  #177-D: variable "res"  was declared but never referenced
  	int res = 0; // Ê†°È™å‰ΩçÊòØÂê¶Ê≠£Á°?
User\main.c: 1 warning, 0 errors
compiling DHT11.c...
Hardware\DHT11.c(88): warning:  #223-D: function "Delay_us" declared implicitly
  		Delay_us(4); //Âª∂Êó∂x us Ëøô‰∏™Âª∂Êó∂ÈúÄË¶ÅÂ§ß‰∫éÊï∞Êç?0ÊåÅÁª≠ÁöÑÊó∂Èó¥Âç≥Âè?	   	  
Hardware\DHT11.c(112): warning:  #223-D: function "Delay_ms" declared implicitly
  	Delay_ms(18);
Hardware\DHT11.c(117): warning:  #223-D: function "Delay_us" declared implicitly
  	Delay_us(3);   //Âª∂Êó∂30us
Hardware\DHT11.c: 3 warnings, 0 errors
compiling stm32f10x_tim.c...
compiling stm32f10x_it.c...
linking...
Program Size: Code=2520 RO-data=1788 RW-data=8 ZI-data=1632  
".\Objects\Project.axf" - 0 Error(s), 4 Warning(s).

<h2>Software Packages used:</h2>

Package Vendor: Keil
                http://www.keil.com/pack/Keil.STM32F1xx_DFP.2.2.0.pack
                Keil.STM32F1xx_DFP.2.2.0
                STMicroelectronics STM32F1 Series Device Support, Drivers and Examples

<h2>Collection of Component include folders:</h2>
  .\RTE\_Target_1
  D:\software\Keil_5\ARM\PACK\Keil\STM32F1xx_DFP\2.2.0\Device\Include

<h2>Collection of Component Files used:</h2>
Build Time Elapsed:  00:00:02
</pre>
</body>
</html>
